projects/amazon-trend-analyzer/qb_chunks/page_743_skip743000.csv
ASIN Buyability Flag,asin_status,CVR%,revenue,asp,units,gv,Images #,Videos #,Has A+ Content,Buybox Winner,Average Rating,Number of Ratings,bb_price,Ad CTR%,Ad CVR%,bsr,brand,Ad CPC$,ASIN (Description),Update Type,Sold By Amazon,Has Coupon?,Has Store Link?,In Stock Today?,category,Sellable On Hand Units,asin,date,Ad Cost,Ad Sales,Ad Clicks,Ad Impressions,Ad Conversions
In Stock,ACTIVE,0.111,64.0,15.98,4.0,36.0,6.0,0.0,False,,4.5,338.0,15.98,,,65.0,Gladware,,B0F4G51Q79 (Gladware - Entree 25oz - Medium Square - 5ct (BBG10091) **2 PACK**),[],True,False,True,True,Food Protection,40.0,B0F4G51Q79,2025-11-29,,,,,
In Stock,ACTIVE,0.289,177.0,16.07,11.0,38.0,6.0,0.0,False,,4.5,324.0,16.09,,,65.0,Gladware,,B0F4G51Q79 (Gladware - Entree 25oz - Medium Square - 5ct (BBG10091) **2 PACK**),[],True,False,True,True,Food Protection,38.0,B0F4G51Q79,2025-11-28,,,,,
In Stock,ACTIVE,0.273,97.0,16.13,6.0,22.0,6.0,0.0,False,,4.5,324.0,16.15,,,54.0,Gladware,,B0F4G51Q79 (Gladware - Entree 25oz - Medium Square - 5ct (BBG10091) **2 PACK**),[],True,False,True,True,Food Protection,49.0,B0F4G51Q79,2025-11-27,,,,,
In Stock,ACTIVE,0.063,16.0,16.15,1.0,16.0,6.0,0.0,False,,4.5,319.0,16.15,,,50.0,Gladware,,B0F4G51Q79 (Gladware - Entree 25oz - Medium Square - 5ct (BBG10091) **2 PACK**),[],True,False,True,True,Food Protection,31.0,B0F4G51Q79,2025-11-26,,,,,
In Stock,ACTIVE,0.289,178.0,16.14,11.0,38.0,6.0,0.0,False,,4.5,314.0,16.03,,,50.0,Gladware,,B0F4G51Q79 (Gladware - Entree 25oz - Medium Square - 5ct (BBG10091) **2 PACK**),[],True,False,True,True,Food Protection,25.0,B0F4G51Q79,2025-11-25,,,,,
In Stock,ACTIVE,0.061,48.0,16.03,3.0,49.0,6.0,0.0,False,,4.5,309.0,16.03,,,52.0,Gladware,,B0F4G51Q79 (Gladware - Entree 25oz - Medium Square - 5ct (BBG10091) **2 PACK**),[],True,False,True,True,Food Protection,54.0,B0F4G51Q79,2025-11-24,,,,,
In Stock,ACTIVE,0.273,48.0,15.99,3.0,11.0,6.0,0.0,False,,4.5,302.0,15.98,,,40.0,Gladware,,B0F4G51Q79 (Gladware - Entree 25oz - Medium Square - 5ct (BBG10091) **2 PACK**),[],True,False,True,True,Food Protection,7.0,B0F4G51Q79,2025-11-22,,,,,
In Stock,ACTIVE,0.071,16.0,16.12,1.0,14.0,6.0,0.0,False,,4.5,15989.0,16.12,,,5.0,Gladware,,B0F4G51Q79 (Gladware - Entree 25oz - Medium Square - 5ct (BBG10091) **2 PACK**),[],True,False,True,True,Food Protection,37.0,B0F4G51Q79,2025-11-19,,,,,
In Stock,ACTIVE,0.077,32.0,16.04,2.0,26.0,6.0,0.0,False,,4.5,15982.0,16.06,,,7.0,Gladware,,B0F4G51Q79 (Gladware - Entree 25oz - Medium Square - 5ct (BBG10091) **2 PACK**),[],True,False,True,True,Food Protection,3.0,B0F4G51Q79,2025-11-17,,,,,
In Stock,ACTIVE,0.333,177.0,16.06,11.0,33.0,6.0,0.0,False,,4.5,15976.0,16.06,,,7.0,Gladware,,B0F4G51Q79 (Gladware - Entree 25oz - Medium Square - 5ct (BBG10091) **2 PACK**),[],True,False,True,True,Food Protection,12.0,B0F4G51Q79,2025-11-16,,,,,
In Stock,ACTIVE,0.261,97.0,16.1,6.0,23.0,6.0,0.0,False,,4.5,15974.0,16.32,,,7.0,Gladware,,B0F4G51Q79 (Gladware - Entree 25oz - Medium Square - 5ct (BBG10091) **2 PACK**),[],True,False,True,True,Food Protection,15.0,B0F4G51Q79,2025-11-15,,,,,
In Stock,ACTIVE,0.154,33.0,16.32,2.0,13.0,6.0,0.0,False,,4.5,15967.0,16.32,,,7.0,Gladware,,B0F4G51Q79 (Gladware - Entree 25oz - Medium Square - 5ct (BBG10091) **2 PACK**),[],True,False,True,True,Food Protection,17.0,B0F4G51Q79,2025-11-14,,,,,
In Stock,ACTIVE,0.636,114.0,16.32,7.0,11.0,6.0,0.0,False,,4.5,15967.0,16.32,,,7.0,Gladware,,B0F4G51Q79 (Gladware - Entree 25oz - Medium Square - 5ct (BBG10091) **2 PACK**),[],True,False,True,True,Food Protection,20.0,B0F4G51Q79,2025-11-13,,,,,
In Stock,ACTIVE,0.083,16.0,16.44,1.0,12.0,6.0,0.0,False,,4.5,15963.0,16.44,,,7.0,Gladware,,B0F4G51Q79 (Gladware - Entree 25oz - Medium Square - 5ct (BBG10091) **2 PACK**),[],True,False,True,True,Food Protection,18.0,B0F4G51Q79,2025-11-12,,,,,
In Stock,ACTIVE,0.13,50.0,16.61,3.0,23.0,6.0,0.0,False,,4.5,15959.0,16.61,,,7.0,Gladware,,B0F4G51Q79 (Gladware - Entree 25oz - Medium Square - 5ct (BBG10091) **2 PACK**),[],True,False,True,True,Food Protection,23.0,B0F4G51Q79,2025-11-11,,,,,
In Stock,ACTIVE,0.5,67.0,16.87,4.0,8.0,6.0,0.0,False,,4.5,15958.0,16.87,,,7.0,Gladware,,B0F4G51Q79 (Gladware - Entree 25oz - Medium Square - 5ct (BBG10091) **2 PACK**),[],True,False,True,True,Food Protection,26.0,B0F4G51Q79,2025-11-10,,,,,
In Stock,ACTIVE,0.263,85.0,16.97,5.0,19.0,6.0,0.0,False,,4.5,15954.0,16.97,,,7.0,Gladware,,B0F4G51Q79 (Gladware - Entree 25oz - Medium Square - 5ct (BBG10091) **2 PACK**),[],True,False,True,True,Food Protection,27.0,B0F4G51Q79,2025-11-09,,,,,
In Stock,ACTIVE,0.091,17.0,16.99,1.0,11.0,6.0,0.0,False,,4.5,15952.0,16.97,,,7.0,Gladware,,B0F4G51Q79 (Gladware - Entree 25oz - Medium Square - 5ct (BBG10091) **2 PACK**),[],True,False,True,True,Food Protection,33.0,B0F4G51Q79,2025-11-08,,,,,
In Stock,ACTIVE,0.154,34.0,16.95,2.0,13.0,6.0,0.0,False,,4.5,15940.0,16.99,,,7.0,Gladware,,B0F4G51Q79 (Gladware - Entree 25oz - Medium Square - 5ct (BBG10091) **2 PACK**),[],True,False,True,True,Food Protection,32.0,B0F4G51Q79,2025-11-07,,,,,
In Stock,ACTIVE,0.105,34.0,16.99,2.0,19.0,6.0,0.0,False,,4.5,15934.0,16.99,,,8.0,Gladware,,B0F4G51Q79 (Gladware - Entree 25oz - Medium Square - 5ct (BBG10091) **2 PACK**),[],True,False,True,True,Food Protection,31.0,B0F4G51Q79,2025-11-06,0.0,0.0,0.0,0.0,0.0
In Stock,ACTIVE,0.1,34.0,16.99,2.0,20.0,6.0,0.0,False,,4.5,15928.0,16.91,,,8.0,Gladware,,B0F4G51Q79 (Gladware - Entree 25oz - Medium Square - 5ct (BBG10091) **2 PACK**),[],True,False,True,True,Food Protection,25.0,B0F4G51Q79,2025-11-05,,,,,
In Stock,ACTIVE,0.3,101.0,16.91,6.0,20.0,6.0,0.0,False,,4.5,15924.0,16.91,,,9.0,Gladware,,B0F4G51Q79 (Gladware - Entree 25oz - Medium Square - 5ct (BBG10091) **2 PACK**),[],True,False,True,True,Food Protection,22.0,B0F4G51Q79,2025-11-04,,,,,
In Stock,ACTIVE,0.222,68.0,17.06,4.0,18.0,6.0,0.0,False,,4.5,15922.0,17.52,,,7.0,Gladware,,B0F4G51Q79 (Gladware - Entree 25oz - Medium Square - 5ct (BBG10091) **2 PACK**),[],True,False,True,True,Food Protection,26.0,B0F4G51Q79,2025-11-03,,,,,
In Stock,ACTIVE,0.048,18.0,17.52,1.0,21.0,6.0,0.0,False,,4.5,15918.0,17.52,,,7.0,Gladware,,B0F4G51Q79 (Gladware - Entree 25oz - Medium Square - 5ct (BBG10091) **2 PACK**),[],True,False,True,True,Food Protection,29.0,B0F4G51Q79,2025-11-02,,,,,
In Stock,ACTIVE,0.167,53.0,17.52,3.0,18.0,6.0,0.0,False,,4.5,15914.0,17.52,,,7.0,Gladware,,B0F4G51Q79 (Gladware - Entree 25oz - Medium Square - 5ct (BBG10091) **2 PACK**),[],True,False,True,True,Food Protection,30.0,B0F4G51Q79,2025-11-01,,,,,
In Stock,ACTIVE,0.0,0.0,,0.0,11.0,6.0,0.0,False,,4.5,15909.0,17.52,,,7.0,Gladware,,B0F4G51Q79 (Gladware - Entree 25oz - Medium Square - 5ct (BBG10091) **2 PACK**),[],True,False,True,True,Food Protection,28.0,B0F4G51Q79,2025-10-31,,,,,
In Stock,ACTIVE,0.231,53.0,17.52,3.0,13.0,6.0,0.0,False,,4.5,15903.0,17.52,,,7.0,Gladware,,B0F4G51Q79 (Gladware - Entree 25oz - Medium Square - 5ct (BBG10091) **2 PACK**),[],True,False,True,True,Food Protection,33.0,B0F4G51Q79,2025-10-30,,,,,
In Stock,ACTIVE,0.077,18.0,17.52,1.0,13.0,6.0,0.0,False,,4.5,15901.0,17.52,,,7.0,Gladware,,B0F4G51Q79 (Gladware - Entree 25oz - Medium Square - 5ct (BBG10091) **2 PACK**),[],True,False,True,True,Food Protection,35.0,B0F4G51Q79,2025-10-29,,,,,
In Stock,ACTIVE,0.143,35.0,17.52,2.0,14.0,6.0,0.0,False,,4.5,15894.0,17.52,,,6.0,Gladware,,B0F4G51Q79 (Gladware - Entree 25oz - Medium Square - 5ct (BBG10091) **2 PACK**),[],True,False,True,True,Food Protection,38.0,B0F4G51Q79,2025-10-28,,,,,
In Stock,ACTIVE,0.5,53.0,17.51,3.0,6.0,6.0,0.0,False,,4.5,15891.0,17.51,,,6.0,Gladware,,B0F4G51Q79 (Gladware - Entree 25oz - Medium Square - 5ct (BBG10091) **2 PACK**),[],True,False,True,True,Food Protection,40.0,B0F4G51Q79,2025-10-27,,,,,
In Stock,ACTIVE,0.154,35.0,17.51,2.0,13.0,6.0,0.0,False,,4.5,15889.0,17.51,,,5.0,Gladware,,B0F4G51Q79 (Gladware - Entree 25oz - Medium Square - 5ct (BBG10091) **2 PACK**),[],True,False,True,True,Food Protection,42.0,B0F4G51Q79,2025-10-26,,,,,
In Stock,ACTIVE,0.0,0.0,,0.0,7.0,6.0,0.0,False,,4.5,15887.0,17.51,,,5.0,Gladware,,B0F4G51Q79 (Gladware - Entree 25oz - Medium Square - 5ct (BBG10091) **2 PACK**),[],True,False,True,True,Food Protection,42.0,B0F4G51Q79,2025-10-25,,,,,
In Stock,ACTIVE,0.429,52.0,17.34,3.0,7.0,6.0,0.0,False,,4.5,15879.0,17.51,,,4.0,Gladware,,B0F4G51Q79 (Gladware - Entree 25oz - Medium Square - 5ct (BBG10091) **2 PACK**),[],True,False,True,True,Food Protection,43.0,B0F4G51Q79,2025-10-24,,,,,
In Stock,ACTIVE,0.294,88.0,17.51,5.0,17.0,6.0,0.0,False,,4.5,15880.0,17.51,,,6.0,Gladware,,B0F4G51Q79 (Gladware - Entree 25oz - Medium Square - 5ct (BBG10091) **2 PACK**),[],True,False,True,True,Food Protection,48.0,B0F4G51Q79,2025-10-23,,,,,
In Stock,ACTIVE,0.143,35.0,17.25,2.0,14.0,6.0,0.0,False,,4.5,15880.0,17.51,,,6.0,Gladware,,B0F4G51Q79 (Gladware - Entree 25oz - Medium Square - 5ct (BBG10091) **2 PACK**),[],True,False,True,True,Food Protection,51.0,B0F4G51Q79,2025-10-22,,,,,
In Stock,ACTIVE,0.0,0.0,,0.0,8.0,6.0,0.0,False,,4.5,15874.0,17.51,,,6.0,Gladware,,B0F4G51Q79 (Gladware - Entree 25oz - Medium Square - 5ct (BBG10091) **2 PACK**),[],True,False,True,True,Food Protection,52.0,B0F4G51Q79,2025-10-21,,,,,
In Stock,ACTIVE,0.375,53.0,17.51,3.0,8.0,6.0,0.0,False,,4.5,15874.0,17.51,,,6.0,Gladware,,B0F4G51Q79 (Gladware - Entree 25oz - Medium Square - 5ct (BBG10091) **2 PACK**),[],True,False,True,True,Food Protection,51.0,B0F4G51Q79,2025-10-20,,,,,
In Stock,ACTIVE,0.13,53.0,17.51,3.0,23.0,6.0,0.0,False,,4.5,15867.0,17.51,,,6.0,Gladware,,B0F4G51Q79 (Gladware - Entree 25oz - Medium Square - 5ct (BBG10091) **2 PACK**),[],True,False,True,True,Food Protection,51.0,B0F4G51Q79,2025-10-19,,,,,
In Stock,ACTIVE,0.125,35.0,17.51,2.0,16.0,6.0,0.0,False,,4.5,15860.0,17.51,,,6.0,Gladware,,B0F4G51Q79 (Gladware - Entree 25oz - Medium Square - 5ct (BBG10091) **2 PACK**),[],True,False,True,True,Food Protection,57.0,B0F4G51Q79,2025-10-18,,,,,
In Stock,ACTIVE,0.167,53.0,17.51,3.0,18.0,6.0,0.0,False,,4.5,15854.0,17.51,,,6.0,Gladware,,B0F4G51Q79 (Gladware - Entree 25oz - Medium Square - 5ct (BBG10091) **2 PACK**),[],True,False,True,True,Food Protection,61.0,B0F4G51Q79,2025-10-17,0.0,0.0,0.0,0.0,0.0
In Stock,ACTIVE,0.083,18.0,17.51,1.0,12.0,6.0,0.0,False,,4.5,15850.0,17.51,0.07317073170731707,0.0,7.0,Gladware,0.6666666666666666,B0F4G51Q79 (Gladware - Entree 25oz - Medium Square - 5ct (BBG10091) **2 PACK**),[],True,False,True,True,Food Protection,61.0,B0F4G51Q79,2025-10-16,2.0,0.0,3.0,41.0,0.0
In Stock,ACTIVE,0.0,0.0,,0.0,13.0,6.0,0.0,False,,4.5,15845.0,16.99,,,8.0,Gladware,,B0F4G51Q79 (Gladware - Entree 25oz - Medium Square - 5ct (BBG10091) **2 PACK**),[],True,False,True,True,Food Protection,62.0,B0F4G51Q79,2025-10-15,,,,,
In Stock,ACTIVE,0.125,34.0,16.99,2.0,16.0,6.0,0.0,False,,4.5,15840.0,16.99,,,8.0,Gladware,,B0F4G51Q79 (Gladware - Entree 25oz - Medium Square - 5ct (BBG10091) **2 PACK**),[],True,False,True,True,Food Protection,63.0,B0F4G51Q79,2025-10-14,,,,,
In Stock,ACTIVE,0.067,17.0,16.99,1.0,15.0,6.0,0.0,False,,4.5,15838.0,16.99,,,9.0,Gladware,,B0F4G51Q79 (Gladware - Entree 25oz - Medium Square - 5ct (BBG10091) **2 PACK**),[],True,False,True,True,Food Protection,64.0,B0F4G51Q79,2025-10-13,,,,,
In Stock,ACTIVE,0.3,51.0,16.99,3.0,10.0,6.0,0.0,False,,4.5,15832.0,16.99,,,13.0,Gladware,,B0F4G51Q79 (Gladware - Entree 25oz - Medium Square - 5ct (BBG10091) **2 PACK**),[],True,False,True,True,Food Protection,65.0,B0F4G51Q79,2025-10-12,,,,,
In Stock,ACTIVE,0.167,34.0,16.99,2.0,12.0,6.0,0.0,False,,4.5,15827.0,16.99,,,17.0,Gladware,,B0F4G51Q79 (Gladware - Entree 25oz - Medium Square - 5ct (BBG10091) **2 PACK**),[],True,False,True,True,Food Protection,70.0,B0F4G51Q79,2025-10-11,,,,,
In Stock,ACTIVE,0.0,0.0,,0.0,5.0,6.0,0.0,False,,4.5,15819.0,16.99,,,23.0,Gladware,,B0F4G51Q79 (Gladware - Entree 25oz - Medium Square - 5ct (BBG10091) **2 PACK**),[],True,False,True,True,Food Protection,70.0,B0F4G51Q79,2025-10-10,,,,,
In Stock,ACTIVE,0.0,0.0,,0.0,7.0,6.0,0.0,False,,4.5,15818.0,16.99,,,16.0,Gladware,,B0F4G51Q79 (Gladware - Entree 25oz - Medium Square - 5ct (BBG10091) **2 PACK**),[],True,False,True,True,Food Protection,70.0,B0F4G51Q79,2025-10-09,,,,,
In Stock,ACTIVE,0.2,51.0,16.99,3.0,15.0,6.0,0.0,False,,4.5,15810.0,16.99,0.0,,6.0,Gladware,,B0F4G51Q79 (Gladware - Entree 25oz - Medium Square - 5ct (BBG10091) **2 PACK**),[],True,False,True,True,Food Protection,75.0,B0F4G51Q79,2025-10-08,0.0,0.0,0.0,13.0,0.0
In Stock,ACTIVE,0.25,34.0,16.99,2.0,8.0,6.0,0.0,False,,4.5,15809.0,16.99,,,6.0,Gladware,,B0F4G51Q79 (Gladware - Entree 25oz - Medium Square - 5ct (BBG10091) **2 PACK**),[],True,False,True,True,Food Protection,74.0,B0F4G51Q79,2025-10-07,,,,,
In Stock,ACTIVE,0.231,43.0,14.45,3.0,13.0,6.0,0.0,False,,4.5,15800.0,14.45,,,8.0,Gladware,,B0F4G51Q79 (Gladware - Entree 25oz - Medium Square - 5ct (BBG10091) **2 PACK**),[],True,False,True,True,Food Protection,78.0,B0F4G51Q79,2025-10-06,,,,,
In Stock,ACTIVE,0.222,59.0,14.85,4.0,18.0,6.0,0.0,False,,4.5,15795.0,16.06,,,8.0,Gladware,,B0F4G51Q79 (Gladware - Entree 25oz - Medium Square - 5ct (BBG10091) **2 PACK**),[],True,False,True,True,Food Protection,84.0,B0F4G51Q79,2025-10-05,,,,,
In Stock,ACTIVE,0.0,0.0,,0.0,3.0,6.0,0.0,False,,4.5,15788.0,16.06,,,8.0,Gladware,,B0F4G51Q79 (Gladware - Entree 25oz - Medium Square - 5ct (BBG10091) **2 PACK**),[],True,False,True,True,Food Protection,85.0,B0F4G51Q79,2025-10-04,,,,,
In Stock,ACTIVE,0.1,16.0,16.06,1.0,10.0,6.0,0.0,False,,4.5,15783.0,16.99,,,8.0,Gladware,,B0F4G51Q79 (Gladware - Entree 25oz - Medium Square - 5ct (BBG10091) **2 PACK**),[],True,False,True,True,Food Protection,86.0,B0F4G51Q79,2025-10-03,,,,,
In Stock,ACTIVE,0.154,34.0,16.99,2.0,13.0,6.0,0.0,False,,4.5,15779.0,16.99,0.01310043668122271,0.3333333333333333,8.0,Gladware,1.333333333333333,B0F4G51Q79 (Gladware - Entree 25oz - Medium Square - 5ct (BBG10091) **2 PACK**),[],True,False,True,True,Food Protection,88.0,B0F4G51Q79,2025-10-02,4.0,7.99,3.0,229.0,1.0
In Stock,ACTIVE,0.111,17.0,16.91,1.0,9.0,6.0,0.0,False,,4.5,15780.0,16.91,,,9.0,Gladware,,B0F4G51Q79 (Gladware - Entree 25oz - Medium Square - 5ct (BBG10091) **2 PACK**),[],True,False,True,True,Food Protection,88.0,B0F4G51Q79,2025-10-01,,,,,
In Stock,ACTIVE,0.2,17.0,16.99,1.0,5.0,6.0,0.0,False,,4.5,15778.0,16.99,,,9.0,Gladware,,B0F4G51Q79 (Gladware - Entree 25oz - Medium Square - 5ct (BBG10091) **2 PACK**),[],True,False,True,True,Food Protection,89.0,B0F4G51Q79,2025-09-30,,,,,
In Stock,ACTIVE,0.286,34.0,16.99,2.0,7.0,6.0,0.0,False,,4.5,15755.0,16.99,,,9.0,Gladware,,B0F4G51Q79 (Gladware - Entree 25oz - Medium Square - 5ct (BBG10091) **2 PACK**),[],True,False,True,True,Food Protection,90.0,B0F4G51Q79,2025-09-29,,,,,
In Stock,ACTIVE,0.111,17.0,16.65,1.0,9.0,6.0,0.0,False,,4.5,15753.0,16.65,,,9.0,Gladware,,B0F4G51Q79 (Gladware - Entree 25oz - Medium Square - 5ct (BBG10091) **2 PACK**),[],True,False,True,True,Food Protection,93.0,B0F4G51Q79,2025-09-28,,,,,
In Stock,ACTIVE,0.0,,,,14.0,6.0,0.0,False,,4.5,15751.0,16.65,,,8.0,Gladware,,B0F4G51Q79 (Gladware - Entree 25oz - Medium Square - 5ct (BBG10091) **2 PACK**),[],True,False,True,True,Food Protection,93.0,B0F4G51Q79,2025-09-27,,,,,
In Stock,ACTIVE,0.0,0.0,,0.0,8.0,6.0,0.0,False,,4.5,15743.0,16.65,,,9.0,Gladware,,B0F4G51Q79 (Gladware - Entree 25oz - Medium Square - 5ct (BBG10091) **2 PACK**),[],True,False,True,True,Food Protection,93.0,B0F4G51Q79,2025-09-26,0.0,0.0,0.0,0.0,0.0
In Stock,ACTIVE,0.444,68.0,16.99,4.0,9.0,6.0,0.0,False,,4.5,15727.0,16.99,,,8.0,Gladware,,B0F4G51Q79 (Gladware - Entree 25oz - Medium Square - 5ct (BBG10091) **2 PACK**),[],True,False,True,True,Food Protection,94.0,B0F4G51Q79,2025-09-25,,,,,
In Stock,ACTIVE,0.0,,,,8.0,6.0,0.0,False,,4.5,15727.0,16.99,,,10.0,Gladware,,B0F4G51Q79 (Gladware - Entree 25oz - Medium Square - 5ct (BBG10091) **2 PACK**),[],True,False,True,True,Food Protection,97.0,B0F4G51Q79,2025-09-24,,,,,
In Stock,ACTIVE,0.0,0.0,,0.0,5.0,6.0,0.0,False,,4.5,15723.0,16.99,,,10.0,Gladware,,B0F4G51Q79 (Gladware - Entree 25oz - Medium Square - 5ct (BBG10091) **2 PACK**),[],True,False,True,True,Food Protection,97.0,B0F4G51Q79,2025-09-23,,,,,
In Stock,ACTIVE,0.222,34.0,16.99,2.0,9.0,6.0,0.0,False,,4.5,15694.0,16.99,,,11.0,Gladware,,B0F4G51Q79 (Gladware - Entree 25oz - Medium Square - 5ct (BBG10091) **2 PACK**),[],True,False,True,True,Food Protection,98.0,B0F4G51Q79,2025-09-22,,,,,
In Stock,ACTIVE,0.182,34.0,16.99,2.0,11.0,6.0,0.0,False,,4.5,15752.0,16.99,,,10.0,Gladware,,B0F4G51Q79 (Gladware - Entree 25oz - Medium Square - 5ct (BBG10091) **2 PACK**),[],True,False,True,True,Food Protection,99.0,B0F4G51Q79,2025-09-21,,,,,
In Stock,ACTIVE,0.25,17.0,16.99,1.0,4.0,6.0,0.0,False,,4.5,15750.0,16.99,,,10.0,Gladware,,B0F4G51Q79 (Gladware - Entree 25oz - Medium Square - 5ct (BBG10091) **2 PACK**),[],True,False,True,True,Food Protection,102.0,B0F4G51Q79,2025-09-20,,,,,
In Stock,ACTIVE,0.0,0.0,,0.0,8.0,6.0,0.0,False,,4.5,15743.0,16.99,,,10.0,Gladware,,B0F4G51Q79 (Gladware - Entree 25oz - Medium Square - 5ct (BBG10091) **2 PACK**),[],True,False,True,True,Food Protection,103.0,B0F4G51Q79,2025-09-19,,,,,
In Stock,ACTIVE,0.0,,,,6.0,6.0,0.0,False,,4.5,15745.0,16.99,,,10.0,Gladware,,B0F4G51Q79 (Gladware - Entree 25oz - Medium Square - 5ct (BBG10091) **2 PACK**),[],True,False,True,True,Food Protection,103.0,B0F4G51Q79,2025-09-18,,,,,
In Stock,ACTIVE,0.222,34.0,16.99,2.0,9.0,6.0,0.0,False,,4.5,15740.0,16.99,,,9.0,Gladware,,B0F4G51Q79 (Gladware - Entree 25oz - Medium Square - 5ct (BBG10091) **2 PACK**),[],True,False,True,True,Food Protection,103.0,B0F4G51Q79,2025-09-17,,,,,
In Stock,ACTIVE,0.091,17.0,16.99,1.0,11.0,6.0,0.0,False,,4.5,15738.0,16.99,,,9.0,Gladware,,B0F4G51Q79 (Gladware - Entree 25oz - Medium Square - 5ct (BBG10091) **2 PACK**),[],True,False,True,True,Food Protection,104.0,B0F4G51Q79,2025-09-16,,,,,
In Stock,ACTIVE,0.0,0.0,,0.0,3.0,6.0,0.0,False,,4.5,15733.0,16.99,,,10.0,Gladware,,B0F4G51Q79 (Gladware - Entree 25oz - Medium Square - 5ct (BBG10091) **2 PACK**),[],True,False,True,True,Food Protection,106.0,B0F4G51Q79,2025-09-15,,,,,
